dblock@localhost:~$ ls devices
ls: cannot access 'devices': No such file or directory
dblock@localhost:~$ ls --ALL
ls: unrecognized option '--ALL'
Try 'ls --help' for more information.
dblock@localhost:~$ ls --all
.   .bash_history  .bashrc   .sh_history  source
..  .bash_logout   .profile  popd         umask
dblock@localhost:~$ .bash_history
-bash: .bash_history: command not found
dblock@localhost:~$ bash1
-bash: bash1: command not found
dblock@localhost:~$ bash --users
bash: --users: invalid option
Usage:  bash [GNU long option] [option] ...
        bash [GNU long option] [option] script-file ...
GNU long options:
        --debug
        --debugger
        --dump-po-strings
        --dump-strings
        --help
        --init-file
        --login
        --noediting
        --noprofile
        --norc
        --posix
        --pretty-print
        --rcfile
        --restricted
        --verbose
        --version
Shell options:
        -ilrsD or -c command or -O shopt_option         (invocation only)
        -abefhkmnptuvxBCHP or -o option
dblock@localhost:~$ bash -abefhknmptuvxBCHP
# System-wide .bashrc file for interactive bash(1) shells.

# To enable the settings / commands in this file for login shells as well,
# this file has to be sourced in /etc/profile.

# If not running interactively, don't do anything
[ -z "$PS1" ] && return

# check the window size after each command and, if necessary,
# update the values of LINES and COLUMNS.
shopt -s checkwinsize

# set variable identifying the chroot you work in (used in the prompt below)
if [ -z "${debian_chroot:-}" ] && [ -r /etc/debian_chroot ]; then
    debian_chroot=$(cat /etc/debian_chroot)
fi

# set a fancy prompt (non-color, overwrite the one in /etc/profile)
# but only if not SUDOing and have SUDO_PS1 set; then assume smart user.
if ! [ -n "${SUDO_USER}" -a -n "${SUDO_PS1}" ]; then
  PS1='${debian_chroot:+($debian_chroot)}\u@\h:\w\$ '
fi

# Commented out, don't overwrite xterm -T "title" -n "icontitle" by default.
# If this is an xterm set the title to user@host:dir
#case "$TERM" in
#xterm*|rxvt*)
#    PROMPT_COMMAND='echo -ne "\033]0;${USER}@${HOSTNAME}: ${PWD}\007"'
#    ;;
#*)
#    ;;
#esac

# enable bash completion in interactive shells
#if ! shopt -oq posix; then
#  if [ -f /usr/share/bash-completion/bash_completion ]; then
#    . /usr/share/bash-completion/bash_completion
#  elif [ -f /etc/bash_completion ]; then
#    . /etc/bash_completion
#  fi
#fi

# if the command-not-found package is installed, use it
if [ -x /usr/lib/command-not-found -o -x /usr/share/command-not-found/command-not-found ]; then
        function command_not_found_handle {
                # check because c-n-f could've been removed in the meantime
                if [ -x /usr/lib/command-not-found ]; then
                   /usr/lib/command-not-found -- "$1"
                   return $?
                elif [ -x /usr/share/command-not-found/command-not-found ]; then
                   /usr/share/command-not-found/command-not-found -- "$1"
                   return $?
                else
                   printf "%s: command not found\n" "$1" >&2
                   return 127
                fi
        }
fi
# ~/.bashrc: executed by bash(1) for non-login shells.
# see /usr/share/doc/bash/examples/startup-files (in the package bash-doc)
# for examples

# If not running interactively, don't do anything
case $- in
    *i*) ;;
      *) return;;
esac

# don't put duplicate lines or lines starting with space in the history.
# See bash(1) for more options
HISTCONTROL=ignoreboth

# append to the history file, don't overwrite it
shopt -s histappend

# for setting history length see HISTSIZE and HISTFILESIZE in bash(1)
HISTSIZE=1000
HISTFILESIZE=2000

# check the window size after each command and, if necessary,
# update the values of LINES and COLUMNS.
shopt -s checkwinsize

# If set, the pattern "**" used in a pathname expansion context will
# match all files and zero or more directories and subdirectories.
#shopt -s globstar

# make less more friendly for non-text input files, see lesspipe(1)
#[ -x /usr/bin/lesspipe ] && eval "$(SHELL=/bin/sh lesspipe)"

# set variable identifying the chroot you work in (used in the prompt below)
if [ -z "${debian_chroot:-}" ] && [ -r /etc/debian_chroot ]; then
    debian_chroot=$(cat /etc/debian_chroot)
fi

# set a fancy prompt (non-color, unless we know we "want" color)
case "$TERM" in
    xterm-color|*-256color) color_prompt=yes;;
esac

# uncomment for a colored prompt, if the terminal has the capability; turned
# off by default to not distract the user: the focus in a terminal window
# should be on the output of commands, not on the prompt
#force_color_prompt=yes

if [ -n "$force_color_prompt" ]; then
    if [ -x /usr/bin/tput ] && tput setaf 1 >&/dev/null; then
        # We have color support; assume it's compliant with Ecma-48
        # (ISO/IEC-6429). (Lack of such support is extremely rare, and such
        # a case would tend to support setf rather than setaf.)
        color_prompt=yes
    else
        color_prompt=
    fi
fi

if [ "$color_prompt" = yes ]; then
    PS1='${debian_chroot:+($debian_chroot)}\[\033[01;32m\]\u@\h\[\033[00m\]:\[\033[01;34m\]\w\[\033[00m\]\$ '
else
    PS1='${debian_chroot:+($debian_chroot)}\u@\h:\w\$ '
fi
unset color_prompt force_color_prompt

# If this is an xterm set the title to user@host:dir
case "$TERM" in
xterm*|rxvt*)
    PS1="\[\e]0;${debian_chroot:+($debian_chroot)}\u@\h: \w\a\]$PS1"
    ;;
*)
    ;;
esac

# enable color support of ls and also add handy aliases
if [ -x /usr/bin/dircolors ]; then
    test -r ~/.dircolors && eval "$(dircolors -b ~/.dircolors)" || eval "$(dircolors -b)"
    alias ls='ls --color=auto'
    #alias dir='dir --color=auto'
    #alias vdir='vdir --color=auto'

    #alias grep='grep --color=auto'
    #alias fgrep='fgrep --color=auto'
    #alias egrep='egrep --color=auto'
fi

# colored GCC warnings and errors
#export GCC_COLORS='error=01;31:warning=01;35:note=01;36:caret=01;32:locus=01:quote=01'

# some more ls aliases
#alias ll='ls -l'
#alias la='ls -A'
#alias l='ls -CF'

# Alias definitions.
# You may want to put all your additions into a separate file like
# ~/.bash_aliases, instead of adding them here directly.
# See /usr/share/doc/bash-doc/examples in the bash-doc package.

if [ -f ~/.bash_aliases ]; then
    . ~/.bash_aliases
fi

# enable programmable completion features (you don't need to enable
# this, if it's already enabled in /etc/bash.bashrc and /etc/profile
# sources /etc/bash.bashrc).
if ! shopt -oq posix; then
  if [ -f /usr/share/bash-completion/bash_completion ]; then
    . /usr/share/bash-completion/bash_completion
  elif [ -f /etc/bash_completion ]; then
    . /etc/bash_completion
  fi
fi
bash-5.0$

dblock@localhost:~$ bash --alias
bash: --alias: invalid option
Usage:  bash [GNU long option] [option] ...
        bash [GNU long option] [option] script-file ...
GNU long options:
        --debug
        --debugger
        --dump-po-strings
        --dump-strings
        --help
        --init-file
        --login
        --noediting
        --noprofile
        --norc
        --posix
        --pretty-print
        --rcfile
        --restricted
        --verbose
        --version
Shell options:
        -ilrsD or -c command or -O shopt_option         (invocation only)
        -abefhkmnptuvxBCHP or -o option
dblock@localhost:~$ mkfs
mkfs: no device specified
Try 'mkfs --help' for more information.
dblock@localhost:~$ mkfs --help

Usage:
 mkfs [options] [-t <type>] [fs-options] <device> [<size>]

Make a Linux filesystem.

Options:
 -t, --type=<type>  filesystem type; when unspecified, ext2 is used
     fs-options     parameters for the real filesystem builder
     <device>       path to the device to be used
     <size>         number of blocks to be used on the device
 -V, --verbose      explain what is being done;
                      specifying -V more than once will cause a dry-run
 -h, --help         display this help
 -V, --version      display version

For more details see mkfs(8).
dblock@localhost:~$ mkfs --type
mkfs.ext2: invalid option -- '-'
Usage: mkfs.ext2 [-c|-l filename] [-b block-size] [-C cluster-size]
        [-i bytes-per-inode] [-I inode-size] [-J journal-options]
        [-G flex-group-size] [-N number-of-inodes] [-d root-directory]
        [-m reserved-blocks-percentage] [-o creator-os]
        [-g blocks-per-group] [-L volume-label] [-M last-mounted-directory]
        [-O feature[,...]] [-r fs-revision] [-E extended-option[,...]]
        [-t fs-type] [-T usage-type ] [-U UUID] [-e errors_behavior][-z undo_file]
        [-jnqvDFSV] device [blocks-count]
dblock@localhost:~$ lsblk
lsblk: failed to access sysfs directory: /sys/dev/block: Permission denied
dblock@localhost:~$ mkfs root-directory
mke2fs 1.45.4 (23-Sep-2019)
The file root-directory does not exist and no size was specified.
dblock@localhost:~$ mkfs -all
mkfs.ext2: invalid option -- 'a'
Usage: mkfs.ext2 [-c|-l filename] [-b block-size] [-C cluster-size]
        [-i bytes-per-inode] [-I inode-size] [-J journal-options]
        [-G flex-group-size] [-N number-of-inodes] [-d root-directory]
        [-m reserved-blocks-percentage] [-o creator-os]
        [-g blocks-per-group] [-L volume-label] [-M last-mounted-directory]
        [-O feature[,...]] [-r fs-revision] [-E extended-option[,...]]
        [-t fs-type] [-T usage-type ] [-U UUID] [-e errors_behavior][-z undo_file]
        [-jnqvDFSV] device [blocks-count]
dblock@localhost:~$ who mk2efs
dblock@localhost:~$ mkfs --feature
mkfs.ext2: invalid option -- '-'
Usage: mkfs.ext2 [-c|-l filename] [-b block-size] [-C cluster-size]
        [-i bytes-per-inode] [-I inode-size] [-J journal-options]
        [-G flex-group-size] [-N number-of-inodes] [-d root-directory]
        [-m reserved-blocks-percentage] [-o creator-os]
        [-g blocks-per-group] [-L volume-label] [-M last-mounted-directory]
        [-O feature[,...]] [-r fs-revision] [-E extended-option[,...]]
        [-t fs-type] [-T usage-type ] [-U UUID] [-e errors_behavior][-z undo_file]
        [-jnqvDFSV] device [blocks-count]
dblock@localhost:~$ -f
-bash: -f: command not found
dblock@localhost:~$ apt lsblk
E: Invalid operation lsblk
dblock@localhost:~$ lsblk force
lsblk: failed to access sysfs directory: /sys/dev/block: Permission denied
dblock@localhost:~$ list
-bash: list: command not found
dblock@localhost:~$ bash --list
bash: --list: invalid option
Usage:  bash [GNU long option] [option] ...
        bash [GNU long option] [option] script-file ...
GNU long options:
        --debug
        --debugger
        --dump-po-strings
        --dump-strings
        --help
        --init-file
        --login
        --noediting
        --noprofile
        --norc
        --posix
        --pretty-print
        --rcfile
        --restricted
        --verbose
        --version
Shell options:
        -ilrsD or -c command or -O shopt_option         (invocation only)
        -abefhkmnptuvxBCHP or -o option
dblock@localhost:~$ bash -z
bash: -z: invalid option
Usage:  bash [GNU long option] [option] ...
        bash [GNU long option] [option] script-file ...
GNU long options:
        --debug
        --debugger
        --dump-po-strings
        --dump-strings
        --help
        --init-file
        --login
        --noediting
        --noprofile
        --norc
        --posix
        --pretty-print
        --rcfile
        --restricted
        --verbose
        --version
Shell options:
        -ilrsD or -c command or -O shopt_option         (invocation only)
        -abefhkmnptuvxBCHP or -o option
dblock@localhost:~$ lsblk
lsblk: failed to access sysfs directory: /sys/dev/block: Permission denied
dblock@localhost:~$ bash --debug --restricted --sysdev
bash: --sysdev: invalid option
Usage:  bash [GNU long option] [option] ...
        bash [GNU long option] [option] script-file ...
GNU long options:
        --debug
        --debugger
        --dump-po-strings
        --dump-strings
        --help
        --init-file
        --login
        --noediting
        --noprofile
        --norc
        --posix
        --pretty-print
        --rcfile
        --restricted
        --verbose
        --version
Shell options:
        -ilrsD or -c command or -O shopt_option         (invocation only)
        -abefhkmnptuvxBCHP or -o option
dblock@localhost:~$ dirs [-clpv] [+N | -N]
-bash: dirs: [-clpv]: invalid option
dirs: usage: dirs [-clpv] [+N] [-N]
-bash: -N]: command not found
dblock@localhost:~$ dirs +N
-bash: dirs: +N: invalid number
dirs: usage: dirs [-clpv] [+N] [-N]
dblock@localhost:~$ dirs -N
-bash: dirs: -N: invalid number
dirs: usage: dirs [-clpv] [+N] [-N]
dblock@localhost:~$ hash
hits    command
   3    /usr/bin/lsblk
   6    /usr/bin/bash
   1    /usr/bin/who
   6    /usr/sbin/mkfs
   1    /usr/bin/apt
   3    /usr/bin/ls
dblock@localhost:~$ /usr/bin/who
dblock   pts/0        Nov 11 23:33 (127.0.0.1)
dblock@localhost:~$ bash --blocks --killall
bash: --blocks: invalid option
Usage:  bash [GNU long option] [option] ...
        bash [GNU long option] [option] script-file ...
GNU long options:
        --debug
        --debugger
        --dump-po-strings
        --dump-strings
        --help
        --init-file
        --login
        --noediting
        --noprofile
        --norc
        --posix
        --pretty-print
        --rcfile
        --restricted
        --verbose
        --version
Shell options:
        -ilrsD or -c command or -O shopt_option         (invocation only)
        -abefhkmnptuvxBCHP or -o option
dblock@localhost:~$ mkfs
mkfs: no device specified
Try 'mkfs --help' for more information.
dblock@localhost:~$ mkfs --help

Usage:
 mkfs [options] [-t <type>] [fs-options] <device> [<size>]

Make a Linux filesystem.

Options:
 -t, --type=<type>  filesystem type; when unspecified, ext2 is used
     fs-options     parameters for the real filesystem builder
     <device>       path to the device to be used
     <size>         number of blocks to be used on the device
 -V, --verbose      explain what is being done;
                      specifying -V more than once will cause a dry-run
 -h, --help         display this help
 -V, --version      display version

For more details see mkfs(8).
dblock@localhost:~$ mkfs [options] [-type <-all>-] [fs-options] <100> --verbose
-bash: syntax error near unexpected token `100'
dblock@localhost:~$  mkfs [options] [-type <-all>-] [fs-options] <size> --verbose~ --help --version
-bash: -all: No such file or directory
dblock@localhost:~$ mkfs [options] [-type <-ext2>-] [fs-options] <size> --verbose~ --help --version
-bash: -ext2: No such file or directory
dblock@localhost:~$ --help --help --help --help
-bash: --help: command not found
dblock@localhost:~$ fs
-bash: fs: command not found
dblock@localhost:~$ bash fs
bash: fs: No such file or directory
dblock@localhost:~$ apt fs
E: Invalid operation fs
dblock@localhost:~$ apt --blocks --killall
E: Command line option --blocks is not understood in combination with the other options
dblock@localhost:~$ mkfs --size
mkfs.ext2: invalid option -- '-'
Usage: mkfs.ext2 [-c|-l filename] [-b block-size] [-C cluster-size]
        [-i bytes-per-inode] [-I inode-size] [-J journal-options]
        [-G flex-group-size] [-N number-of-inodes] [-d root-directory]
        [-m reserved-blocks-percentage] [-o creator-os]
        [-g blocks-per-group] [-L volume-label] [-M last-mounted-directory]
        [-O feature[,...]] [-r fs-revision] [-E extended-option[,...]]
        [-t fs-type] [-T usage-type ] [-U UUID] [-e errors_behavior][-z undo_file]
        [-jnqvDFSV] device [blocks-count]
dblock@localhost:~$ mkfs ext2 --blocksize
mkfs.ext2: invalid option -- '-'
Usage: mkfs.ext2 [-c|-l filename] [-b block-size] [-C cluster-size]
        [-i bytes-per-inode] [-I inode-size] [-J journal-options]
        [-G flex-group-size] [-N number-of-inodes] [-d root-directory]
        [-m reserved-blocks-percentage] [-o creator-os]
        [-g blocks-per-group] [-L volume-label] [-M last-mounted-directory]
        [-O feature[,...]] [-r fs-revision] [-E extended-option[,...]]
        [-t fs-type] [-T usage-type ] [-U UUID] [-e errors_behavior][-z undo_file]
        [-jnqvDFSV] device [blocks-count]
dblock@localhost:~$ mkfs, ext2:-z
-bash: mkfs,: command not found
dblock@localhost:~$ bash ext2: --z
bash: ext2:: No such file or directory
dblock@localhost:~$ mkfs, ext2: [-z undo_file]
-bash: mkfs,: command not found
dblock@localhost:~$ mkfs ext2: [-jnqvDFSV] <device> [blocks-count
-bash: device: No such file or directory
dblock@localhost:~$